Archive member included to satisfy reference by file (symbol)

c:/st/stm32cubeide_1.6.1/stm32cubeide/plugins/com.st.stm32cube.ide.mcu.externaltools.gnu-tools-for-stm32.9-2020-q2-update.win32_1.5.0.202011040924/tools/bin/../lib/gcc/arm-none-eabi/9.3.1/../../../../arm-none-eabi/lib/thumb/v7-m/nofp\libc_nano.a(lib_a-errno.o)
                              Core/Src/syscalls.o (__errno)
c:/st/stm32cubeide_1.6.1/stm32cubeide/plugins/com.st.stm32cube.ide.mcu.externaltools.gnu-tools-for-stm32.9-2020-q2-update.win32_1.5.0.202011040924/tools/bin/../lib/gcc/arm-none-eabi/9.3.1/../../../../arm-none-eabi/lib/thumb/v7-m/nofp\libc_nano.a(lib_a-exit.o)
                              c:/st/stm32cubeide_1.6.1/stm32cubeide/plugins/com.st.stm32cube.ide.mcu.externaltools.gnu-tools-for-stm32.9-2020-q2-update.win32_1.5.0.202011040924/tools/bin/../lib/gcc/arm-none-eabi/9.3.1/../../../../arm-none-eabi/lib/thumb/v7-m/nofp/crt0.o (exit)
c:/st/stm32cubeide_1.6.1/stm32cubeide/plugins/com.st.stm32cube.ide.mcu.externaltools.gnu-tools-for-stm32.9-2020-q2-update.win32_1.5.0.202011040924/tools/bin/../lib/gcc/arm-none-eabi/9.3.1/../../../../arm-none-eabi/lib/thumb/v7-m/nofp\libc_nano.a(lib_a-impure.o)
                              c:/st/stm32cubeide_1.6.1/stm32cubeide/plugins/com.st.stm32cube.ide.mcu.externaltools.gnu-tools-for-stm32.9-2020-q2-update.win32_1.5.0.202011040924/tools/bin/../lib/gcc/arm-none-eabi/9.3.1/../../../../arm-none-eabi/lib/thumb/v7-m/nofp\libc_nano.a(lib_a-exit.o) (_global_impure_ptr)
c:/st/stm32cubeide_1.6.1/stm32cubeide/plugins/com.st.stm32cube.ide.mcu.externaltools.gnu-tools-for-stm32.9-2020-q2-update.win32_1.5.0.202011040924/tools/bin/../lib/gcc/arm-none-eabi/9.3.1/../../../../arm-none-eabi/lib/thumb/v7-m/nofp\libc_nano.a(lib_a-init.o)
                              c:/st/stm32cubeide_1.6.1/stm32cubeide/plugins/com.st.stm32cube.ide.mcu.externaltools.gnu-tools-for-stm32.9-2020-q2-update.win32_1.5.0.202011040924/tools/bin/../lib/gcc/arm-none-eabi/9.3.1/../../../../arm-none-eabi/lib/thumb/v7-m/nofp/crt0.o (__libc_init_array)
c:/st/stm32cubeide_1.6.1/stm32cubeide/plugins/com.st.stm32cube.ide.mcu.externaltools.gnu-tools-for-stm32.9-2020-q2-update.win32_1.5.0.202011040924/tools/bin/../lib/gcc/arm-none-eabi/9.3.1/../../../../arm-none-eabi/lib/thumb/v7-m/nofp\libc_nano.a(lib_a-memcpy-stub.o)
                              Core/Src/main.o (memcpy)
c:/st/stm32cubeide_1.6.1/stm32cubeide/plugins/com.st.stm32cube.ide.mcu.externaltools.gnu-tools-for-stm32.9-2020-q2-update.win32_1.5.0.202011040924/tools/bin/../lib/gcc/arm-none-eabi/9.3.1/../../../../arm-none-eabi/lib/thumb/v7-m/nofp\libc_nano.a(lib_a-memset.o)
                              c:/st/stm32cubeide_1.6.1/stm32cubeide/plugins/com.st.stm32cube.ide.mcu.externaltools.gnu-tools-for-stm32.9-2020-q2-update.win32_1.5.0.202011040924/tools/bin/../lib/gcc/arm-none-eabi/9.3.1/../../../../arm-none-eabi/lib/thumb/v7-m/nofp/crt0.o (memset)

Allocating common symbols
Common symbol       size              file

uwTick              0x4               Drivers/STM32F1xx_HAL_Driver/Src/stm32f1xx_hal.o
pFlash              0x20              Drivers/STM32F1xx_HAL_Driver/Src/stm32f1xx_hal_flash.o

Discarded input sections

 .text          0x0000000000000000        0x0 c:/st/stm32cubeide_1.6.1/stm32cubeide/plugins/com.st.stm32cube.ide.mcu.externaltools.gnu-tools-for-stm32.9-2020-q2-update.win32_1.5.0.202011040924/tools/bin/../lib/gcc/arm-none-eabi/9.3.1/thumb/v7-m/nofp/crti.o
 .data          0x0000000000000000        0x0 c:/st/stm32cubeide_1.6.1/stm32cubeide/plugins/com.st.stm32cube.ide.mcu.externaltools.gnu-tools-for-stm32.9-2020-q2-update.win32_1.5.0.202011040924/tools/bin/../lib/gcc/arm-none-eabi/9.3.1/thumb/v7-m/nofp/crti.o
 .bss           0x0000000000000000        0x0 c:/st/stm32cubeide_1.6.1/stm32cubeide/plugins/com.st.stm32cube.ide.mcu.externaltools.gnu-tools-for-stm32.9-2020-q2-update.win32_1.5.0.202011040924/tools/bin/../lib/gcc/arm-none-eabi/9.3.1/thumb/v7-m/nofp/crti.o
 .data          0x0000000000000000        0x4 c:/st/stm32cubeide_1.6.1/stm32cubeide/plugins/com.st.stm32cube.ide.mcu.externaltools.gnu-tools-for-stm32.9-2020-q2-update.win32_1.5.0.202011040924/tools/bin/../lib/gcc/arm-none-eabi/9.3.1/thumb/v7-m/nofp/crtbegin.o
 .text          0x0000000000000000       0x7c c:/st/stm32cubeide_1.6.1/stm32cubeide/plugins/com.st.stm32cube.ide.mcu.externaltools.gnu-tools-for-stm32.9-2020-q2-update.win32_1.5.0.202011040924/tools/bin/../lib/gcc/arm-none-eabi/9.3.1/../../../../arm-none-eabi/lib/thumb/v7-m/nofp/crt0.o
 .data          0x0000000000000000        0x0 c:/st/stm32cubeide_1.6.1/stm32cubeide/plugins/com.st.stm32cube.ide.mcu.externaltools.gnu-tools-for-stm32.9-2020-q2-update.win32_1.5.0.202011040924/tools/bin/../lib/gcc/arm-none-eabi/9.3.1/../../../../arm-none-eabi/lib/thumb/v7-m/nofp/crt0.o
[...]
Memory Configuration

Name             Origin             Length             Attributes
VECTOR_RAM       0x0000000020000000 0x0000000000000800 xrw
RAM              0x0000000020000800 0x0000000000004800 xrw
FLASH            0x0000000008000000 0x0000000000010000 xr
*default*        0x0000000000000000 0xffffffffffffffff

Linker script and memory map

LOAD c:/st/stm32cubeide_1.6.1/stm32cubeide/plugins/com.st.stm32cube.ide.mcu.externaltools.gnu-tools-for-stm32.9-2020-q2-update.win32_1.5.0.202011040924/tools/bin/../lib/gcc/arm-none-eabi/9.3.1/thumb/v7-m/nofp/crti.o
LOAD c:/st/stm32cubeide_1.6.1/stm32cubeide/plugins/com.st.stm32cube.ide.mcu.externaltools.gnu-tools-for-stm32.9-2020-q2-update.win32_1.5.0.202011040924/tools/bin/../lib/gcc/arm-none-eabi/9.3.1/thumb/v7-m/nofp/crtbegin.o
LOAD c:/st/stm32cubeide_1.6.1/stm32cubeide/plugins/com.st.stm32cube.ide.mcu.externaltools.gnu-tools-for-stm32.9-2020-q2-update.win32_1.5.0.202011040924/tools/bin/../lib/gcc/arm-none-eabi/9.3.1/../../../../arm-none-eabi/lib/thumb/v7-m/nofp/crt0.o
LOAD Core/Src/custom.o
LOAD Core/Src/main.o
LOAD Core/Src/stm32f1xx_hal_msp.o
LOAD Core/Src/stm32f1xx_it.o
LOAD Core/Src/syscalls.o
LOAD Core/Src/sysmem.o
LOAD Core/Src/system_stm32f1xx.o
LOAD Core/Startup/startup_stm32f103c8tx.o
LOAD Drivers/STM32F1xx_HAL_Driver/Src/stm32f1xx_hal.o
LOAD Drivers/STM32F1xx_HAL_Driver/Src/stm32f1xx_hal_cortex.o
LOAD Drivers/STM32F1xx_HAL_Driver/Src/stm32f1xx_hal_dma.o
LOAD Drivers/STM32F1xx_HAL_Driver/Src/stm32f1xx_hal_exti.o
LOAD Drivers/STM32F1xx_HAL_Driver/Src/stm32f1xx_hal_flash.o
LOAD Drivers/STM32F1xx_HAL_Driver/Src/stm32f1xx_hal_flash_ex.o
LOAD Drivers/STM32F1xx_HAL_Driver/Src/stm32f1xx_hal_gpio.o
LOAD Drivers/STM32F1xx_HAL_Driver/Src/stm32f1xx_hal_gpio_ex.o
LOAD Drivers/STM32F1xx_HAL_Driver/Src/stm32f1xx_hal_pwr.o
LOAD Drivers/STM32F1xx_HAL_Driver/Src/stm32f1xx_hal_rcc.o
LOAD Drivers/STM32F1xx_HAL_Driver/Src/stm32f1xx_hal_rcc_ex.o
LOAD Drivers/STM32F1xx_HAL_Driver/Src/stm32f1xx_hal_tim.o
LOAD Drivers/STM32F1xx_HAL_Driver/Src/stm32f1xx_hal_tim_ex.o
START GROUP
LOAD c:/st/stm32cubeide_1.6.1/stm32cubeide/plugins/com.st.stm32cube.ide.mcu.externaltools.gnu-tools-for-stm32.9-2020-q2-update.win32_1.5.0.202011040924/tools/bin/../lib/gcc/arm-none-eabi/9.3.1/../../../../arm-none-eabi/lib/thumb/v7-m/nofp\libc_nano.a
LOAD c:/st/stm32cubeide_1.6.1/stm32cubeide/plugins/com.st.stm32cube.ide.mcu.externaltools.gnu-tools-for-stm32.9-2020-q2-update.win32_1.5.0.202011040924/tools/bin/../lib/gcc/arm-none-eabi/9.3.1/../../../../arm-none-eabi/lib/thumb/v7-m/nofp\libm.a
END GROUP
START GROUP
LOAD c:/st/stm32cubeide_1.6.1/stm32cubeide/plugins/com.st.stm32cube.ide.mcu.externaltools.gnu-tools-for-stm32.9-2020-q2-update.win32_1.5.0.202011040924/tools/bin/../lib/gcc/arm-none-eabi/9.3.1/thumb/v7-m/nofp\libgcc.a
LOAD c:/st/stm32cubeide_1.6.1/stm32cubeide/plugins/com.st.stm32cube.ide.mcu.externaltools.gnu-tools-for-stm32.9-2020-q2-update.win32_1.5.0.202011040924/tools/bin/../lib/gcc/arm-none-eabi/9.3.1/../../../../arm-none-eabi/lib/thumb/v7-m/nofp\libc_nano.a
END GROUP
START GROUP
LOAD c:/st/stm32cubeide_1.6.1/stm32cubeide/plugins/com.st.stm32cube.ide.mcu.externaltools.gnu-tools-for-stm32.9-2020-q2-update.win32_1.5.0.202011040924/tools/bin/../lib/gcc/arm-none-eabi/9.3.1/thumb/v7-m/nofp\libgcc.a
LOAD c:/st/stm32cubeide_1.6.1/stm32cubeide/plugins/com.st.stm32cube.ide.mcu.externaltools.gnu-tools-for-stm32.9-2020-q2-update.win32_1.5.0.202011040924/tools/bin/../lib/gcc/arm-none-eabi/9.3.1/../../../../arm-none-eabi/lib/thumb/v7-m/nofp\libc_nano.a
LOAD c:/st/stm32cubeide_1.6.1/stm32cubeide/plugins/com.st.stm32cube.ide.mcu.externaltools.gnu-tools-for-stm32.9-2020-q2-update.win32_1.5.0.202011040924/tools/bin/../lib/gcc/arm-none-eabi/9.3.1/../../../../arm-none-eabi/lib/thumb/v7-m/nofp\libnosys.a
END GROUP
START GROUP
LOAD c:/st/stm32cubeide_1.6.1/stm32cubeide/plugins/com.st.stm32cube.ide.mcu.externaltools.gnu-tools-for-stm32.9-2020-q2-update.win32_1.5.0.202011040924/tools/bin/../lib/gcc/arm-none-eabi/9.3.1/thumb/v7-m/nofp\libgcc.a
LOAD c:/st/stm32cubeide_1.6.1/stm32cubeide/plugins/com.st.stm32cube.ide.mcu.externaltools.gnu-tools-for-stm32.9-2020-q2-update.win32_1.5.0.202011040924/tools/bin/../lib/gcc/arm-none-eabi/9.3.1/../../../../arm-none-eabi/lib/thumb/v7-m/nofp\libc_nano.a
LOAD c:/st/stm32cubeide_1.6.1/stm32cubeide/plugins/com.st.stm32cube.ide.mcu.externaltools.gnu-tools-for-stm32.9-2020-q2-update.win32_1.5.0.202011040924/tools/bin/../lib/gcc/arm-none-eabi/9.3.1/../../../../arm-none-eabi/lib/thumb/v7-m/nofp\libnosys.a
END GROUP
LOAD c:/st/stm32cubeide_1.6.1/stm32cubeide/plugins/com.st.stm32cube.ide.mcu.externaltools.gnu-tools-for-stm32.9-2020-q2-update.win32_1.5.0.202011040924/tools/bin/../lib/gcc/arm-none-eabi/9.3.1/thumb/v7-m/nofp/crtend.o
LOAD c:/st/stm32cubeide_1.6.1/stm32cubeide/plugins/com.st.stm32cube.ide.mcu.externaltools.gnu-tools-for-stm32.9-2020-q2-update.win32_1.5.0.202011040924/tools/bin/../lib/gcc/arm-none-eabi/9.3.1/thumb/v7-m/nofp/crtn.o
                0x0000000020005000                _estack = (ORIGIN (RAM) + LENGTH (RAM))
                0x0000000000000200                _Min_Heap_Size = 0x200
                0x0000000000000400                _Min_Stack_Size = 0x400

.isr_vector     0x0000000008000000      0x10c
                0x0000000008000000                . = ALIGN (0x4)
 *(.isr_vector)
 .isr_vector    0x0000000008000000      0x10c Core/Startup/startup_stm32f103c8tx.o
                0x0000000008000000                g_pfnVectors
                0x000000000800010c                . = ALIGN (0x4)

.vector_sector  0x0000000020000000      0x400
                0x0000000020000000                . = ALIGN (0x4)
 *(.firtlinevector)
 .firtlinevector
                0x0000000020000000      0x400 Core/Src/main.o
                0x0000000020000000                vector_tablee
                0x0000000020000400                . = ALIGN (0x4)

.text           0x0000000008000110      0xf78
                0x0000000008000110                . = ALIGN (0x4)
 *(.text)
 .text          0x0000000008000110       0x40 c:/st/stm32cubeide_1.6.1/stm32cubeide/plugins/com.st.stm32cube.ide.mcu.externaltools.gnu-tools-for-stm32.9-2020-q2-update.win32_1.5.0.202011040924/tools/bin/../lib/gcc/arm-none-eabi/9.3.1/thumb/v7-m/nofp/crtbegin.o
 *(.text*)
 .text.custom_clock_init
                0x0000000008000150       0x84 Core/Src/custom.o
                0x0000000008000150                custom_clock_init
 .text.custom_delay
                0x00000000080001d4       0x54 Core/Src/custom.o
                0x00000000080001d4                custom_delay
 .text.custom_UART_init
                0x0000000008000228       0x6c Core/Src/custom.o
                0x0000000008000228                custom_UART_init
 .text.custom_DMA
                0x0000000008000294       0x68 Core/Src/custom.o
                0x0000000008000294                custom_DMA
 .text.find_OK  0x00000000080002fc       0x4c Core/Src/custom.o
                0x00000000080002fc                find_OK
 .text.main     0x0000000008000348       0x48 Core/Src/main.o
                0x0000000008000348                main
 .text.SystemClock_Config
                0x0000000008000390       0x76 Core/Src/main.o
                0x0000000008000390                SystemClock_Config
 *fill*         0x0000000008000406        0x2 
 .text.MX_GPIO_Init
                0x0000000008000408       0x2c Core/Src/main.o
 .text.Error_Handler
                0x0000000008000434        0xa Core/Src/main.o
                0x0000000008000434                Error_Handler
 *fill*         0x000000000800043e        0x2 
 .text.HAL_MspInit
                0x0000000008000440       0x64 Core/Src/stm32f1xx_hal_msp.o
                0x0000000008000440                HAL_MspInit
 .text.NMI_Handler
                0x00000000080004a4        0x6 Core/Src/stm32f1xx_it.o
                0x00000000080004a4                NMI_Handler
 .text.HardFault_Handler
                0x00000000080004aa        0x6 Core/Src/stm32f1xx_it.o
                0x00000000080004aa                HardFault_Handler
 .text.MemManage_Handler
                0x00000000080004b0        0x6 Core/Src/stm32f1xx_it.o
                0x00000000080004b0                MemManage_Handler
 .text.BusFault_Handler
                0x00000000080004b6        0x6 Core/Src/stm32f1xx_it.o
                0x00000000080004b6                BusFault_Handler
 .text.UsageFault_Handler
                0x00000000080004bc        0x6 Core/Src/stm32f1xx_it.o
                0x00000000080004bc                UsageFault_Handler
 .text.SVC_Handler
                0x00000000080004c2        0xc Core/Src/stm32f1xx_it.o
                0x00000000080004c2                SVC_Handler
 .text.DebugMon_Handler
                0x00000000080004ce        0xc Core/Src/stm32f1xx_it.o
                0x00000000080004ce                DebugMon_Handler
 .text.PendSV_Handler
                0x00000000080004da        0xc Core/Src/stm32f1xx_it.o
                0x00000000080004da                PendSV_Handler
 .text.SysTick_Handler
                0x00000000080004e6        0xc Core/Src/stm32f1xx_it.o
                0x00000000080004e6                SysTick_Handler
 .text.SystemInit
                0x00000000080004f2        0xc Core/Src/system_stm32f1xx.o
                0x00000000080004f2                SystemInit
 *fill*         0x00000000080004fe        0x2 
 .text.Reset_Handler
                0x0000000008000500       0x48 Core/Startup/startup_stm32f103c8tx.o
                0x0000000008000500                Reset_Handler
 .text.Default_Handler
                0x0000000008000548        0x2 Core/Startup/startup_stm32f103c8tx.o
                0x0000000008000548                RTC_Alarm_IRQHandler
                0x0000000008000548                EXTI2_IRQHandler
                0x0000000008000548                TIM1_CC_IRQHandler
                0x0000000008000548                PVD_IRQHandler
                0x0000000008000548                EXTI3_IRQHandler
                0x0000000008000548                EXTI0_IRQHandler
                0x0000000008000548                I2C2_EV_IRQHandler
                0x0000000008000548                ADC1_2_IRQHandler
                0x0000000008000548                SPI1_IRQHandler
                0x0000000008000548                TAMPER_IRQHandler
                0x0000000008000548                DMA1_Channel4_IRQHandler
                0x0000000008000548                USART3_IRQHandler
                0x0000000008000548                RTC_IRQHandler
                0x0000000008000548                DMA1_Channel7_IRQHandler
                0x0000000008000548                CAN1_RX1_IRQHandler
                0x0000000008000548                TIM4_IRQHandler
                0x0000000008000548                I2C1_EV_IRQHandler
                0x0000000008000548                DMA1_Channel6_IRQHandler
                0x0000000008000548                TIM3_IRQHandler
                0x0000000008000548                RCC_IRQHandler
                0x0000000008000548                TIM1_TRG_COM_IRQHandler
                0x0000000008000548                DMA1_Channel1_IRQHandler
                0x0000000008000548                Default_Handler
                0x0000000008000548                EXTI15_10_IRQHandler
                0x0000000008000548                EXTI9_5_IRQHandler
                0x0000000008000548                SPI2_IRQHandler
                0x0000000008000548                DMA1_Channel5_IRQHandler
                0x0000000008000548                EXTI4_IRQHandler
                0x0000000008000548                USB_LP_CAN1_RX0_IRQHandler
                0x0000000008000548                USB_HP_CAN1_TX_IRQHandler
                0x0000000008000548                DMA1_Channel3_IRQHandler
                0x0000000008000548                TIM1_UP_IRQHandler
                0x0000000008000548                WWDG_IRQHandler
                0x0000000008000548                TIM2_IRQHandler
                0x0000000008000548                TIM1_BRK_IRQHandler
                0x0000000008000548                EXTI1_IRQHandler
                0x0000000008000548                USART2_IRQHandler
                0x0000000008000548                I2C2_ER_IRQHandler
                0x0000000008000548                DMA1_Channel2_IRQHandler
                0x0000000008000548                CAN1_SCE_IRQHandler
                0x0000000008000548                FLASH_IRQHandler
                0x0000000008000548                USART1_IRQHandler
                0x0000000008000548                I2C1_ER_IRQHandler
                0x0000000008000548                USBWakeUp_IRQHandler
 *fill*         0x000000000800054a        0x2 
 .text.HAL_Init
                0x000000000800054c       0x2c Drivers/STM32F1xx_HAL_Driver/Src/stm32f1xx_hal.o
                0x000000000800054c                HAL_Init
 .text.HAL_InitTick
                0x0000000008000578       0x60 Drivers/STM32F1xx_HAL_Driver/Src/stm32f1xx_hal.o
                0x0000000008000578                HAL_InitTick
 .text.HAL_IncTick
                0x00000000080005d8       0x24 Drivers/STM32F1xx_HAL_Driver/Src/stm32f1xx_hal.o
                0x00000000080005d8                HAL_IncTick
 .text.HAL_GetTick
                0x00000000080005fc       0x14 Drivers/STM32F1xx_HAL_Driver/Src/stm32f1xx_hal.o
                0x00000000080005fc                HAL_GetTick
 .text.__NVIC_SetPriorityGrouping
                0x0000000008000610       0x48 Drivers/STM32F1xx_HAL_Driver/Src/stm32f1xx_hal_cortex.o
 .text.__NVIC_GetPriorityGrouping
                0x0000000008000658       0x1c Drivers/STM32F1xx_HAL_Driver/Src/stm32f1xx_hal_cortex.o
 .text.__NVIC_SetPriority
                0x0000000008000674       0x54 Drivers/STM32F1xx_HAL_Driver/Src/stm32f1xx_hal_cortex.o
 .text.NVIC_EncodePriority
                0x00000000080006c8       0x64 Drivers/STM32F1xx_HAL_Driver/Src/stm32f1xx_hal_cortex.o
 .text.SysTick_Config
                0x000000000800072c       0x44 Drivers/STM32F1xx_HAL_Driver/Src/stm32f1xx_hal_cortex.o
 .text.HAL_NVIC_SetPriorityGrouping
                0x0000000008000770       0x16 Drivers/STM32F1xx_HAL_Driver/Src/stm32f1xx_hal_cortex.o
                0x0000000008000770                HAL_NVIC_SetPriorityGrouping
 .text.HAL_NVIC_SetPriority
                0x0000000008000786       0x38 Drivers/STM32F1xx_HAL_Driver/Src/stm32f1xx_hal_cortex.o
                0x0000000008000786                HAL_NVIC_SetPriority
 .text.HAL_SYSTICK_Config
                0x00000000080007be       0x18 Drivers/STM32F1xx_HAL_Driver/Src/stm32f1xx_hal_cortex.o
                0x00000000080007be                HAL_SYSTICK_Config
 *fill*         0x00000000080007d6        0x2 
 .text.HAL_FLASH_Unlock
                0x00000000080007d8       0x4c Drivers/STM32F1xx_HAL_Driver/Src/stm32f1xx_hal_flash.o
                0x00000000080007d8                HAL_FLASH_Unlock
 .text.HAL_RCC_OscConfig
                0x0000000008000824      0x500 Drivers/STM32F1xx_HAL_Driver/Src/stm32f1xx_hal_rcc.o
                0x0000000008000824                HAL_RCC_OscConfig
 .text.HAL_RCC_ClockConfig
                0x0000000008000d24      0x1d4 Drivers/STM32F1xx_HAL_Driver/Src/stm32f1xx_hal_rcc.o
                0x0000000008000d24                HAL_RCC_ClockConfig
 .text.HAL_RCC_GetSysClockFreq
                0x0000000008000ef8       0xc0 Drivers/STM32F1xx_HAL_Driver/Src/stm32f1xx_hal_rcc.o
                0x0000000008000ef8                HAL_RCC_GetSysClockFreq
 .text.RCC_Delay
                0x0000000008000fb8       0x3c Drivers/STM32F1xx_HAL_Driver/Src/stm32f1xx_hal_rcc.o
 .text.__libc_init_array
                0x0000000008000ff4       0x48 c:/st/stm32cubeide_1.6.1/stm32cubeide/plugins/com.st.stm32cube.ide.mcu.externaltools.gnu-tools-for-stm32.9-2020-q2-update.win32_1.5.0.202011040924/tools/bin/../lib/gcc/arm-none-eabi/9.3.1/../../../../arm-none-eabi/lib/thumb/v7-m/nofp\libc_nano.a(lib_a-init.o)
                0x0000000008000ff4                __libc_init_array
 .text.memcpy   0x000000000800103c       0x1c c:/st/stm32cubeide_1.6.1/stm32cubeide/plugins/com.st.stm32cube.ide.mcu.externaltools.gnu-tools-for-stm32.9-2020-q2-update.win32_1.5.0.202011040924/tools/bin/../lib/gcc/arm-none-eabi/9.3.1/../../../../arm-none-eabi/lib/thumb/v7-m/nofp\libc_nano.a(lib_a-memcpy-stub.o)
                0x000000000800103c                memcpy
 .text.memset   0x0000000008001058       0x10 c:/st/stm32cubeide_1.6.1/stm32cubeide/plugins/com.st.stm32cube.ide.mcu.externaltools.gnu-tools-for-stm32.9-2020-q2-update.win32_1.5.0.202011040924/tools/bin/../lib/gcc/arm-none-eabi/9.3.1/../../../../arm-none-eabi/lib/thumb/v7-m/nofp\libc_nano.a(lib_a-memset.o)
                0x0000000008001058                memset
 *(.glue_7)
 .glue_7        0x0000000008001068        0x0 linker stubs
 *(.glue_7t)
 .glue_7t       0x0000000008001068        0x0 linker stubs
 *(.eh_frame)
 .eh_frame      0x0000000008001068        0x0 c:/st/stm32cubeide_1.6.1/stm32cubeide/plugins/com.st.stm32cube.ide.mcu.externaltools.gnu-tools-for-stm32.9-2020-q2-update.win32_1.5.0.202011040924/tools/bin/../lib/gcc/arm-none-eabi/9.3.1/thumb/v7-m/nofp/crtbegin.o
 *(.init)
 .init          0x0000000008001068        0x4 c:/st/stm32cubeide_1.6.1/stm32cubeide/plugins/com.st.stm32cube.ide.mcu.externaltools.gnu-tools-for-stm32.9-2020-q2-update.win32_1.5.0.202011040924/tools/bin/../lib/gcc/arm-none-eabi/9.3.1/thumb/v7-m/nofp/crti.o
                0x0000000008001068                _init
 .init          0x000000000800106c        0x8 c:/st/stm32cubeide_1.6.1/stm32cubeide/plugins/com.st.stm32cube.ide.mcu.externaltools.gnu-tools-for-stm32.9-2020-q2-update.win32_1.5.0.202011040924/tools/bin/../lib/gcc/arm-none-eabi/9.3.1/thumb/v7-m/nofp/crtn.o
 *(.fini)
 .fini          0x0000000008001074        0x4 c:/st/stm32cubeide_1.6.1/stm32cubeide/plugins/com.st.stm32cube.ide.mcu.externaltools.gnu-tools-for-stm32.9-2020-q2-update.win32_1.5.0.202011040924/tools/bin/../lib/gcc/arm-none-eabi/9.3.1/thumb/v7-m/nofp/crti.o
                0x0000000008001074                _fini
 .fini          0x0000000008001078        0x8 c:/st/stm32cubeide_1.6.1/stm32cubeide/plugins/com.st.stm32cube.ide.mcu.externaltools.gnu-tools-for-stm32.9-2020-q2-update.win32_1.5.0.202011040924/tools/bin/../lib/gcc/arm-none-eabi/9.3.1/thumb/v7-m/nofp/crtn.o
 .fini.__stub   0x0000000008001080        0x8 linker stubs
                0x0000000008001088                . = ALIGN (0x4)
                0x0000000008001088                _etext = .

.vfp11_veneer   0x0000000008001088        0x0
 .vfp11_veneer  0x0000000008001088        0x0 linker stubs

.v4_bx          0x0000000008001088        0x0
 .v4_bx         0x0000000008001088        0x0 linker stubs

.iplt           0x0000000008001088        0x0
 .iplt          0x0000000008001088        0x0 c:/st/stm32cubeide_1.6.1/stm32cubeide/plugins/com.st.stm32cube.ide.mcu.externaltools.gnu-tools-for-stm32.9-2020-q2-update.win32_1.5.0.202011040924/tools/bin/../lib/gcc/arm-none-eabi/9.3.1/thumb/v7-m/nofp/crtbegin.o

.rodata         0x0000000008001088       0x20
                0x0000000008001088                . = ALIGN (0x4)
 *(.rodata)
 .rodata        0x0000000008001088       0x10 Drivers/STM32F1xx_HAL_Driver/Src/stm32f1xx_hal_rcc.o
 *(.rodata*)
 .rodata.AHBPrescTable
                0x0000000008001098       0x10 Core/Src/system_stm32f1xx.o
                0x0000000008001098                AHBPrescTable
                0x00000000080010a8                . = ALIGN (0x4)

.rel.dyn        0x00000000080010a8        0x0
 .rel.iplt      0x00000000080010a8        0x0 c:/st/stm32cubeide_1.6.1/stm32cubeide/plugins/com.st.stm32cube.ide.mcu.externaltools.gnu-tools-for-stm32.9-2020-q2-update.win32_1.5.0.202011040924/tools/bin/../lib/gcc/arm-none-eabi/9.3.1/thumb/v7-m/nofp/crtbegin.o

.ARM.extab      0x00000000080010a8        0x0
                0x00000000080010a8                . = ALIGN (0x4)
 *(.ARM.extab* .gnu.linkonce.armextab.*)
                0x00000000080010a8                . = ALIGN (0x4)

.ARM            0x00000000080010a8        0x0
                0x00000000080010a8                . = ALIGN (0x4)
                0x00000000080010a8                __exidx_start = .
 *(.ARM.exidx*)
                0x00000000080010a8                __exidx_end = .
                0x00000000080010a8                . = ALIGN (0x4)

.preinit_array  0x00000000080010a8        0x0
                0x00000000080010a8                . = ALIGN (0x4)
                0x00000000080010a8                PROVIDE (__preinit_array_start = .)
 *(.preinit_array*)
                0x00000000080010a8                PROVIDE (__preinit_array_end = .)
                0x00000000080010a8                . = ALIGN (0x4)

.init_array     0x00000000080010a8        0x4
                0x00000000080010a8                . = ALIGN (0x4)
                0x00000000080010a8                PROVIDE (__init_array_start = .)
 *(SORT_BY_NAME(.init_array.*))
 *(.init_array*)
 .init_array    0x00000000080010a8        0x4 c:/st/stm32cubeide_1.6.1/stm32cubeide/plugins/com.st.stm32cube.ide.mcu.externaltools.gnu-tools-for-stm32.9-2020-q2-update.win32_1.5.0.202011040924/tools/bin/../lib/gcc/arm-none-eabi/9.3.1/thumb/v7-m/nofp/crtbegin.o
                0x00000000080010ac                PROVIDE (__init_array_end = .)
                0x00000000080010ac                . = ALIGN (0x4)

.fini_array     0x00000000080010ac        0x4
                0x00000000080010ac                . = ALIGN (0x4)
                [!provide]                        PROVIDE (__fini_array_start = .)
 *(SORT_BY_NAME(.fini_array.*))
 *(.fini_array*)
 .fini_array    0x00000000080010ac        0x4 c:/st/stm32cubeide_1.6.1/stm32cubeide/plugins/com.st.stm32cube.ide.mcu.externaltools.gnu-tools-for-stm32.9-2020-q2-update.win32_1.5.0.202011040924/tools/bin/../lib/gcc/arm-none-eabi/9.3.1/thumb/v7-m/nofp/crtbegin.o
                [!provide]                        PROVIDE (__fini_array_end = .)
                0x00000000080010b0                . = ALIGN (0x4)
                0x00000000080010b0                _sidata = LOADADDR (.data)

.data           0x0000000020000800      0x210 load address 0x00000000080010b0
                0x0000000020000800                . = ALIGN (0x4)
                0x0000000020000800                _sdata = .
 *(.data)
 *(.data*)
 .data.SystemCoreClock
                0x0000000020000800        0x4 Core/Src/system_stm32f1xx.o
                0x0000000020000800                SystemCoreClock
 .data.uwTickPrio
                0x0000000020000804        0x4 Drivers/STM32F1xx_HAL_Driver/Src/stm32f1xx_hal.o
                0x0000000020000804                uwTickPrio
 .data.uwTickFreq
                0x0000000020000808        0x1 Drivers/STM32F1xx_HAL_Driver/Src/stm32f1xx_hal.o
                0x0000000020000808                uwTickFreq
 *(.RamFunc)
 *fill*         0x0000000020000809        0x3 
 .RamFunc       0x000000002000080c      0x1f8 Core/Src/main.o
                0x000000002000080c                flashErase
                0x00000000200008e0                flashWrite
                0x0000000020000928                waitOperation
                0x0000000020000984                update_firmware
 *fill*         0x0000000020000a04        0x4 
 .RamFunc.__stub
                0x0000000020000a08        0x8 linker stubs
 *(.RamFunc*)
                0x0000000020000a10                . = ALIGN (0x4)
                0x0000000020000a10                _edata = .

.igot.plt       0x0000000020000a10        0x0 load address 0x00000000080012c0
 .igot.plt      0x0000000020000a10        0x0 c:/st/stm32cubeide_1.6.1/stm32cubeide/plugins/com.st.stm32cube.ide.mcu.externaltools.gnu-tools-for-stm32.9-2020-q2-update.win32_1.5.0.202011040924/tools/bin/../lib/gcc/arm-none-eabi/9.3.1/thumb/v7-m/nofp/crtbegin.o
                0x0000000020000a10                . = ALIGN (0x4)

.bss            0x0000000020000a10     0x1020 load address 0x00000000080012c0
                0x0000000020000a10                _sbss = .
                0x0000000020000a10                __bss_start__ = _sbss
 *(.bss)
 .bss           0x0000000020000a10       0x1c c:/st/stm32cubeide_1.6.1/stm32cubeide/plugins/com.st.stm32cube.ide.mcu.externaltools.gnu-tools-for-stm32.9-2020-q2-update.win32_1.5.0.202011040924/tools/bin/../lib/gcc/arm-none-eabi/9.3.1/thumb/v7-m/nofp/crtbegin.o
 *(.bss*)
 .bss.buffer    0x0000000020000a2c     0x1000 Core/Src/custom.o
                0x0000000020000a2c                buffer
 *(COMMON)
 COMMON         0x0000000020001a2c        0x4 Drivers/STM32F1xx_HAL_Driver/Src/stm32f1xx_hal.o
                0x0000000020001a2c                uwTick
                0x0000000020001a30                . = ALIGN (0x4)
                0x0000000020001a30                _ebss = .
                0x0000000020001a30                __bss_end__ = _ebss

._user_heap_stack
                0x0000000020001a30      0x600 load address 0x00000000080012c0
                0x0000000020001a30                . = ALIGN (0x8)
 *fill*         0x0000000020001a30        0x0 
                [!provide]                        PROVIDE (end = .)
                0x0000000020001a30                PROVIDE (_end = .)
                0x0000000020001c30                . = (. + _Min_Heap_Size)
 *fill*         0x0000000020001a30      0x200 
                0x0000000020002030                . = (. + _Min_Stack_Size)
 *fill*         0x0000000020001c30      0x400 
                0x0000000020002030                . = ALIGN (0x8)

/DISCARD/
 libc.a(*)
 libm.a(*)
 libgcc.a(*)

.ARM.attributes
                0x0000000000000000       0x29
 *(.ARM.attributes)
 .ARM.attributes
                0x0000000000000000       0x1d c:/st/stm32cubeide_1.6.1/stm32cubeide/plugins/com.st.stm32cube.ide.mcu.externaltools.gnu-tools-for-stm32.9-2020-q2-update.win32_1.5.0.202011040924/tools/bin/../lib/gcc/arm-none-eabi/9.3.1/thumb/v7-m/nofp/crti.o
 .ARM.attributes
                0x000000000000001d       0x2d c:/st/stm32cubeide_1.6.1/stm32cubeide/plugins/com.st.stm32cube.ide.mcu.externaltools.gnu-tools-for-stm32.9-2020-q2-update.win32_1.5.0.202011040924/tools/bin/../lib/gcc/arm-none-eabi/9.3.1/thumb/v7-m/nofp/crtbegin.o
 .ARM.attributes
                0x000000000000004a       0x2d Core/Src/custom.o
 .ARM.attributes
                0x0000000000000077       0x2d Core/Src/main.o
 .ARM.attributes
                0x00000000000000a4       0x2d Core/Src/stm32f1xx_hal_msp.o
 .ARM.attributes
                0x00000000000000d1       0x2d Core/Src/stm32f1xx_it.o
 .ARM.attributes
                0x00000000000000fe       0x2d Core/Src/system_stm32f1xx.o
 .ARM.attributes
                0x000000000000012b       0x21 Core/Startup/startup_stm32f103c8tx.o
 .ARM.attributes
                0x000000000000014c       0x2d Drivers/STM32F1xx_HAL_Driver/Src/stm32f1xx_hal.o
 .ARM.attributes
                0x0000000000000179       0x2d Drivers/STM32F1xx_HAL_Driver/Src/stm32f1xx_hal_cortex.o
 .ARM.attributes
                0x00000000000001a6       0x2d Drivers/STM32F1xx_HAL_Driver/Src/stm32f1xx_hal_flash.o
 .ARM.attributes
                0x00000000000001d3       0x2d Drivers/STM32F1xx_HAL_Driver/Src/stm32f1xx_hal_rcc.o
 .ARM.attributes
                0x0000000000000200       0x2d c:/st/stm32cubeide_1.6.1/stm32cubeide/plugins/com.st.stm32cube.ide.mcu.externaltools.gnu-tools-for-stm32.9-2020-q2-update.win32_1.5.0.202011040924/tools/bin/../lib/gcc/arm-none-eabi/9.3.1/../../../../arm-none-eabi/lib/thumb/v7-m/nofp\libc_nano.a(lib_a-init.o)
 .ARM.attributes
                0x000000000000022d       0x2d c:/st/stm32cubeide_1.6.1/stm32cubeide/plugins/com.st.stm32cube.ide.mcu.externaltools.gnu-tools-for-stm32.9-2020-q2-update.win32_1.5.0.202011040924/tools/bin/../lib/gcc/arm-none-eabi/9.3.1/../../../../arm-none-eabi/lib/thumb/v7-m/nofp\libc_nano.a(lib_a-memcpy-stub.o)
 .ARM.attributes
                0x000000000000025a       0x2d c:/st/stm32cubeide_1.6.1/stm32cubeide/plugins/com.st.stm32cube.ide.mcu.externaltools.gnu-tools-for-stm32.9-2020-q2-update.win32_1.5.0.202011040924/tools/bin/../lib/gcc/arm-none-eabi/9.3.1/../../../../arm-none-eabi/lib/thumb/v7-m/nofp\libc_nano.a(lib_a-memset.o)
 .ARM.attributes
                0x0000000000000287       0x1d c:/st/stm32cubeide_1.6.1/stm32cubeide/plugins/com.st.stm32cube.ide.mcu.externaltools.gnu-tools-for-stm32.9-2020-q2-update.win32_1.5.0.202011040924/tools/bin/../lib/gcc/arm-none-eabi/9.3.1/thumb/v7-m/nofp/crtn.o
OUTPUT(final_IMIC_Project.elf elf32-littlearm)
LOAD linker stubs
LOAD c:/st/stm32cubeide_1.6.1/stm32cubeide/plugins/com.st.stm32cube.ide.mcu.externaltools.gnu-tools-for-stm32.9-2020-q2-update.win32_1.5.0.202011040924/tools/bin/../lib/gcc/arm-none-eabi/9.3.1/../../../../arm-none-eabi/lib/thumb/v7-m/nofp\libc.a
LOAD c:/st/stm32cubeide_1.6.1/stm32cubeide/plugins/com.st.stm32cube.ide.mcu.externaltools.gnu-tools-for-stm32.9-2020-q2-update.win32_1.5.0.202011040924/tools/bin/../lib/gcc/arm-none-eabi/9.3.1/../../../../arm-none-eabi/lib/thumb/v7-m/nofp\libm.a
LOAD c:/st/stm32cubeide_1.6.1/stm32cubeide/plugins/com.st.stm32cube.ide.mcu.externaltools.gnu-tools-for-stm32.9-2020-q2-update.win32_1.5.0.202011040924/tools/bin/../lib/gcc/arm-none-eabi/9.3.1/thumb/v7-m/nofp\libgcc.a

.debug_info     0x0000000000000000     0x3c6d
 .debug_info    0x0000000000000000      0x425 Core/Src/custom.o
 .debug_info    0x0000000000000425      0xe83 Core/Src/main.o
 .debug_info    0x00000000000012a8      0x2fc Core/Src/stm32f1xx_hal_msp.o
 .debug_info    0x00000000000015a4      0x222 Core/Src/stm32f1xx_it.o
 .debug_info    0x00000000000017c6      0x2be Core/Src/system_stm32f1xx.o
 .debug_info    0x0000000000001a84       0x22 Core/Startup/startup_stm32f103c8tx.o
 .debug_info    0x0000000000001aa6      0x76a Drivers/STM32F1xx_HAL_Driver/Src/stm32f1xx_hal.o
 .debug_info    0x0000000000002210      0xbdc Drivers/STM32F1xx_HAL_Driver/Src/stm32f1xx_hal_cortex.o
 .debug_info    0x0000000000002dec      0x5f3 Drivers/STM32F1xx_HAL_Driver/Src/stm32f1xx_hal_flash.o
 .debug_info    0x00000000000033df      0x88e Drivers/STM32F1xx_HAL_Driver/Src/stm32f1xx_hal_rcc.o

.debug_abbrev   0x0000000000000000     0x113e
 .debug_abbrev  0x0000000000000000      0x169 Core/Src/custom.o
 .debug_abbrev  0x0000000000000169      0x2d5 Core/Src/main.o
 .debug_abbrev  0x000000000000043e      0x11d Core/Src/stm32f1xx_hal_msp.o
 .debug_abbrev  0x000000000000055b       0xd2 Core/Src/stm32f1xx_it.o
 .debug_abbrev  0x000000000000062d      0x14e Core/Src/system_stm32f1xx.o
 .debug_abbrev  0x000000000000077b       0x12 Core/Startup/startup_stm32f103c8tx.o
 .debug_abbrev  0x000000000000078d      0x1ed Drivers/STM32F1xx_HAL_Driver/Src/stm32f1xx_hal.o
 .debug_abbrev  0x000000000000097a      0x313 Drivers/STM32F1xx_HAL_Driver/Src/stm32f1xx_hal_cortex.o
 .debug_abbrev  0x0000000000000c8d      0x23e Drivers/STM32F1xx_HAL_Driver/Src/stm32f1xx_hal_flash.o
 .debug_abbrev  0x0000000000000ecb      0x273 Drivers/STM32F1xx_HAL_Driver/Src/stm32f1xx_hal_rcc.o

.debug_aranges  0x0000000000000000      0x478
 .debug_aranges
                0x0000000000000000       0x58 Core/Src/custom.o
 .debug_aranges
                0x0000000000000058       0x58 Core/Src/main.o
 .debug_aranges
                0x00000000000000b0       0x20 Core/Src/stm32f1xx_hal_msp.o
 .debug_aranges
                0x00000000000000d0       0x60 Core/Src/stm32f1xx_it.o
 .debug_aranges
                0x0000000000000130       0x28 Core/Src/system_stm32f1xx.o
 .debug_aranges
                0x0000000000000158       0x28 Core/Startup/startup_stm32f103c8tx.o
 .debug_aranges
                0x0000000000000180       0xe0 Drivers/STM32F1xx_HAL_Driver/Src/stm32f1xx_hal.o
 .debug_aranges
                0x0000000000000260      0x100 Drivers/STM32F1xx_HAL_Driver/Src/stm32f1xx_hal_cortex.o
 .debug_aranges
                0x0000000000000360       0x88 Drivers/STM32F1xx_HAL_Driver/Src/stm32f1xx_hal_flash.o
 .debug_aranges
                0x00000000000003e8       0x90 Drivers/STM32F1xx_HAL_Driver/Src/stm32f1xx_hal_rcc.o

.debug_ranges   0x0000000000000000      0x3e0
 .debug_ranges  0x0000000000000000       0x48 Core/Src/custom.o
 .debug_ranges  0x0000000000000048       0x48 Core/Src/main.o
 .debug_ranges  0x0000000000000090       0x10 Core/Src/stm32f1xx_hal_msp.o
 .debug_ranges  0x00000000000000a0       0x50 Core/Src/stm32f1xx_it.o
 .debug_ranges  0x00000000000000f0       0x18 Core/Src/system_stm32f1xx.o
 .debug_ranges  0x0000000000000108       0x20 Core/Startup/startup_stm32f103c8tx.o
 .debug_ranges  0x0000000000000128       0xd0 Drivers/STM32F1xx_HAL_Driver/Src/stm32f1xx_hal.o
 .debug_ranges  0x00000000000001f8       0xf0 Drivers/STM32F1xx_HAL_Driver/Src/stm32f1xx_hal_cortex.o
 .debug_ranges  0x00000000000002e8       0x78 Drivers/STM32F1xx_HAL_Driver/Src/stm32f1xx_hal_flash.o
 .debug_ranges  0x0000000000000360       0x80 Drivers/STM32F1xx_HAL_Driver/Src/stm32f1xx_hal_rcc.o

.debug_macro    0x0000000000000000    0x161fa
 .debug_macro   0x0000000000000000      0x198 Core/Src/custom.o
 .debug_macro   0x0000000000000198      0xa9c Core/Src/custom.o
 .debug_macro   0x0000000000000c34      0x209 Core/Src/custom.o
 .debug_macro   0x0000000000000e3d       0x2e Core/Src/custom.o
 .debug_macro   0x0000000000000e6b       0x22 Core/Src/custom.o
 .debug_macro   0x0000000000000e8d       0x22 Core/Src/custom.o
 .debug_macro   0x0000000000000eaf       0x8e Core/Src/custom.o
 .debug_macro   0x0000000000000f3d       0x51 Core/Src/custom.o
 .debug_macro   0x0000000000000f8e      0x103 Core/Src/custom.o
 .debug_macro   0x0000000000001091       0x6a Core/Src/custom.o
 .debug_macro   0x00000000000010fb      0x1df Core/Src/custom.o
 .debug_macro   0x00000000000012da       0x1c Core/Src/custom.o
 .debug_macro   0x00000000000012f6       0x22 Core/Src/custom.o
 .debug_macro   0x0000000000001318       0xc3 Core/Src/custom.o
 .debug_macro   0x00000000000013db      0xd23 Core/Src/custom.o
 .debug_macro   0x00000000000020fe     0xe09e Core/Src/custom.o
 .debug_macro   0x000000000001019c       0x6d Core/Src/custom.o
 .debug_macro   0x0000000000010209     0x3468 Core/Src/custom.o
 .debug_macro   0x0000000000013671      0x174 Core/Src/custom.o
 .debug_macro   0x00000000000137e5       0x5c Core/Src/custom.o
 .debug_macro   0x0000000000013841      0x5be Core/Src/custom.o
 .debug_macro   0x0000000000013dff      0x289 Core/Src/custom.o
 .debug_macro   0x0000000000014088      0x1cb Core/Src/custom.o
 .debug_macro   0x0000000000014253      0x114 Core/Src/custom.o
 .debug_macro   0x0000000000014367      0x1b2 Core/Src/custom.o
 .debug_macro   0x0000000000014519       0x27 Core/Src/custom.o
 .debug_macro   0x0000000000014540      0x136 Core/Src/custom.o
 .debug_macro   0x0000000000014676      0x1bc Core/Src/custom.o
 .debug_macro   0x0000000000014832       0x34 Core/Src/custom.o
 .debug_macro   0x0000000000014866       0x3c Core/Src/custom.o
 .debug_macro   0x00000000000148a2       0x57 Core/Src/custom.o
 .debug_macro   0x00000000000148f9       0x88 Core/Src/custom.o
 .debug_macro   0x0000000000014981      0x241 Core/Src/custom.o
 .debug_macro   0x0000000000014bc2      0x141 Core/Src/custom.o
 .debug_macro   0x0000000000014d03       0x83 Core/Src/custom.o
 .debug_macro   0x0000000000014d86      0x266 Core/Src/main.o
 .debug_macro   0x0000000000014fec       0x52 Core/Src/main.o
 .debug_macro   0x000000000001503e       0x18 Core/Src/main.o
 .debug_macro   0x0000000000015056       0x3c Core/Src/main.o
 .debug_macro   0x0000000000015092       0x34 Core/Src/main.o
 .debug_macro   0x00000000000150c6       0x16 Core/Src/main.o
 .debug_macro   0x00000000000150dc       0x43 Core/Src/main.o
 .debug_macro   0x000000000001511f       0x34 Core/Src/main.o
 .debug_macro   0x0000000000015153       0x10 Core/Src/main.o
 .debug_macro   0x0000000000015163       0x58 Core/Src/main.o
 .debug_macro   0x00000000000151bb       0x71 Core/Src/main.o
 .debug_macro   0x000000000001522c       0x1c Core/Src/main.o
 .debug_macro   0x0000000000015248      0x12a Core/Src/main.o
 .debug_macro   0x0000000000015372      0x333 Core/Src/main.o
 .debug_macro   0x00000000000156a5       0x10 Core/Src/main.o
 .debug_macro   0x00000000000156b5       0x35 Core/Src/main.o
 .debug_macro   0x00000000000156ea       0x20 Core/Src/main.o
 .debug_macro   0x000000000001570a      0x18e Core/Src/stm32f1xx_hal_msp.o
 .debug_macro   0x0000000000015898      0x198 Core/Src/stm32f1xx_it.o
 .debug_macro   0x0000000000015a30      0x184 Core/Src/system_stm32f1xx.o
 .debug_macro   0x0000000000015bb4      0x1a8 Drivers/STM32F1xx_HAL_Driver/Src/stm32f1xx_hal.o
 .debug_macro   0x0000000000015d5c      0x184 Drivers/STM32F1xx_HAL_Driver/Src/stm32f1xx_hal_cortex.o
 .debug_macro   0x0000000000015ee0      0x184 Drivers/STM32F1xx_HAL_Driver/Src/stm32f1xx_hal_flash.o
 .debug_macro   0x0000000000016064      0x196 Drivers/STM32F1xx_HAL_Driver/Src/stm32f1xx_hal_rcc.o

.debug_line     0x0000000000000000     0x5011
 .debug_line    0x0000000000000000      0x7cc Core/Src/custom.o
 .debug_line    0x00000000000007cc      0x992 Core/Src/main.o
 .debug_line    0x000000000000115e      0x635 Core/Src/stm32f1xx_hal_msp.o
 .debug_line    0x0000000000001793      0x6f6 Core/Src/stm32f1xx_it.o
 .debug_line    0x0000000000001e89      0x6b2 Core/Src/system_stm32f1xx.o
 .debug_line    0x000000000000253b       0x87 Core/Startup/startup_stm32f103c8tx.o
 .debug_line    0x00000000000025c2      0x8df Drivers/STM32F1xx_HAL_Driver/Src/stm32f1xx_hal.o
 .debug_line    0x0000000000002ea1      0xac7 Drivers/STM32F1xx_HAL_Driver/Src/stm32f1xx_hal_cortex.o
 .debug_line    0x0000000000003968      0x9bc Drivers/STM32F1xx_HAL_Driver/Src/stm32f1xx_hal_flash.o
 .debug_line    0x0000000000004324      0xced Drivers/STM32F1xx_HAL_Driver/Src/stm32f1xx_hal_rcc.o

.debug_str      0x0000000000000000    0x7ed0e
 .debug_str     0x0000000000000000    0x7a9f7 Core/Src/custom.o
                                      0x7ad56 (size before relaxing)
 .debug_str     0x000000000007a9f7     0x33d4 Core/Src/main.o
                                      0x7e06b (size before relaxing)
 .debug_str     0x000000000007ddcb       0x5a Core/Src/stm32f1xx_hal_msp.o
                                      0x7ac71 (size before relaxing)
 .debug_str     0x000000000007de25       0xbd Core/Src/stm32f1xx_it.o
                                      0x7ac8e (size before relaxing)
 .debug_str     0x000000000007dee2       0x52 Core/Src/system_stm32f1xx.o
                                      0x7ac5e (size before relaxing)
 .debug_str     0x000000000007df34       0x36 Core/Startup/startup_stm32f103c8tx.o
                                         0x7f (size before relaxing)
 .debug_str     0x000000000007df6a      0x56a Drivers/STM32F1xx_HAL_Driver/Src/stm32f1xx_hal.o
                                      0x7b2ef (size before relaxing)
 .debug_str     0x000000000007e4d4      0x2fa Drivers/STM32F1xx_HAL_Driver/Src/stm32f1xx_hal_cortex.o
                                      0x7b2f7 (size before relaxing)
 .debug_str     0x000000000007e7ce      0x2be Drivers/STM32F1xx_HAL_Driver/Src/stm32f1xx_hal_flash.o
                                      0x7af34 (size before relaxing)
 .debug_str     0x000000000007ea8c      0x282 Drivers/STM32F1xx_HAL_Driver/Src/stm32f1xx_hal_rcc.o
                                      0x7b05b (size before relaxing)

.comment        0x0000000000000000       0x53
 .comment       0x0000000000000000       0x53 Core/Src/custom.o
                                         0x54 (size before relaxing)
 .comment       0x0000000000000053       0x54 Core/Src/main.o
 .comment       0x0000000000000053       0x54 Core/Src/stm32f1xx_hal_msp.o
 .comment       0x0000000000000053       0x54 Core/Src/stm32f1xx_it.o
 .comment       0x0000000000000053       0x54 Core/Src/system_stm32f1xx.o
 .comment       0x0000000000000053       0x54 Drivers/STM32F1xx_HAL_Driver/Src/stm32f1xx_hal.o
 .comment       0x0000000000000053       0x54 Drivers/STM32F1xx_HAL_Driver/Src/stm32f1xx_hal_cortex.o
 .comment       0x0000000000000053       0x54 Drivers/STM32F1xx_HAL_Driver/Src/stm32f1xx_hal_flash.o
 .comment       0x0000000000000053       0x54 Drivers/STM32F1xx_HAL_Driver/Src/stm32f1xx_hal_rcc.o

.debug_frame    0x0000000000000000     0x1000
 .debug_frame   0x0000000000000000      0x150 Core/Src/custom.o
 .debug_frame   0x0000000000000150      0x124 Core/Src/main.o
 .debug_frame   0x0000000000000274       0x38 Core/Src/stm32f1xx_hal_msp.o
 .debug_frame   0x00000000000002ac      0x104 Core/Src/stm32f1xx_it.o
 .debug_frame   0x00000000000003b0       0x58 Core/Src/system_stm32f1xx.o
 .debug_frame   0x0000000000000408      0x334 Drivers/STM32F1xx_HAL_Driver/Src/stm32f1xx_hal.o
 .debug_frame   0x000000000000073c      0x428 Drivers/STM32F1xx_HAL_Driver/Src/stm32f1xx_hal_cortex.o
 .debug_frame   0x0000000000000b64      0x20c Drivers/STM32F1xx_HAL_Driver/Src/stm32f1xx_hal_flash.o
 .debug_frame   0x0000000000000d70      0x21c Drivers/STM32F1xx_HAL_Driver/Src/stm32f1xx_hal_rcc.o
 .debug_frame   0x0000000000000f8c       0x2c c:/st/stm32cubeide_1.6.1/stm32cubeide/plugins/com.st.stm32cube.ide.mcu.externaltools.gnu-tools-for-stm32.9-2020-q2-update.win32_1.5.0.202011040924/tools/bin/../lib/gcc/arm-none-eabi/9.3.1/../../../../arm-none-eabi/lib/thumb/v7-m/nofp\libc_nano.a(lib_a-init.o)
 .debug_frame   0x0000000000000fb8       0x28 c:/st/stm32cubeide_1.6.1/stm32cubeide/plugins/com.st.stm32cube.ide.mcu.externaltools.gnu-tools-for-stm32.9-2020-q2-update.win32_1.5.0.202011040924/tools/bin/../lib/gcc/arm-none-eabi/9.3.1/../../../../arm-none-eabi/lib/thumb/v7-m/nofp\libc_nano.a(lib_a-memcpy-stub.o)
 .debug_frame   0x0000000000000fe0       0x20 c:/st/stm32cubeide_1.6.1/stm32cubeide/plugins/com.st.stm32cube.ide.mcu.externaltools.gnu-tools-for-stm32.9-2020-q2-update.win32_1.5.0.202011040924/tools/bin/../lib/gcc/arm-none-eabi/9.3.1/../../../../arm-none-eabi/lib/thumb/v7-m/nofp\libc_nano.a(lib_a-memset.o)
